// Jest Snapshot v1, https://goo.gl/fbAQLP

exports[`<ButtonOutline/> should render correctly 1`] = `
.c1 {
  font-size: 1rem;
  line-height: 1.25rem;
  font-family: 'Roboto',sans-serif;
  font-weight: 500;
  text-transform: uppercase;
  color: currentColor;
}

.c0 {
  background: linear-gradient( 90deg, transparent 50%, #a855f7 50% );
  border: 2px solid #a855f7;
  color: #a855f7;
  padding: 0.75rem 1.5rem;
  -webkit-align-items: center;
  -webkit-box-align: center;
  -ms-flex-align: center;
  align-items: center;
  background-size: 210%;
  border-radius: 4px;
  display: -webkit-box;
  display: -webkit-flex;
  display: -ms-flexbox;
  display: flex;
  -webkit-box-pack: center;
  -webkit-justify-content: center;
  -ms-flex-pack: center;
  justify-content: center;
  -webkit-transition: 0.2s;
  transition: 0.2s;
  -webkit-user-select: none;
  -moz-user-select: none;
  -ms-user-select: none;
  user-select: none;
}

.c0:focus,
.c0:hover {
  background-position-x: 98%;
  color: #fff;
}

.c0:focus {
  box-shadow: 0 0 0 2px rgba(139,92,246,0.5);
}

<button
  class="c0"
  color="purple"
  type="button"
>
  <span
    class="c1"
    type="function_text"
  >
    Button
  </span>
</button>
`
